// Jest Snapshot v1, https://goo.gl/fbAQLP

exports[`DropdownSelector Should match the DOM snapshot 1`] = `
<div>
  <p
    className="DropdownSelector-label"
  />
  <select
    className="DropdownSelector"
    onChange={[Function]}
    value="all"
  >
    <option
      value="One"
    >
      One
    </option>
    <option
      value="Two"
    >
      Two
    </option>
    <option
      value="Three"
    >
      Three
    </option>
  </select>
</div>
`;
